2026-08-09 17:24:38.222 T:11       info <general>: -----------------------------------------------------------------------
2026-08-09 17:24:38.222 T:11       info <general>: Starting Kodi from Debian (21.3 Debian package version: 2:21.3+dfsg-1.2+b2). Platform: Linux x86 64-bit
2026-08-09 17:24:38.222 T:11       info <general>: Using Release Kodi from Debian x64
2026-08-09 17:24:38.222 T:11       info <general>: Kodi from Debian compiled 2026-08-07 by GCC 16.1.0 for Linux x86 64-bit version 7.1.6 (459014)
2026-08-09 17:24:38.222 T:11       info <general>: Running on Debian GNU/Linux forky/sid n/a, kernel: Linux x86 64-bit version 7.1.6-x64v3-xanmod1
2026-08-09 17:24:38.222 T:11       info <general>: FFmpeg version/source: 8.1.2-2+b3
2026-08-09 17:24:38.222 T:11       info <general>: Host CPU: Intel(R) Core(TM) i5-7400 CPU @ 3.00GHz, 4 cores available
2026-08-09 17:24:38.222 T:11       info <general>: special://xbmc/ is mapped to: /usr/share/kodi
2026-08-09 17:24:38.222 T:11       info <general>: special://xbmcbin/ is mapped to: /usr/lib/x86_64-linux-gnu/kodi
2026-08-09 17:24:38.222 T:11       info <general>: special://xbmcbinaddons/ is mapped to: /usr/lib/x86_64-linux-gnu/kodi/addons
2026-08-09 17:24:38.222 T:11       info <general>: special://masterprofile/ is mapped to: /home/localhost/.kodi/userdata
2026-08-09 17:24:38.222 T:11       info <general>: special://envhome/ is mapped to: /home/localhost
2026-08-09 17:24:38.222 T:11       info <general>: special://home/ is mapped to: /home/localhost/.kodi
2026-08-09 17:24:38.222 T:11       info <general>: special://temp/ is mapped to: /home/localhost/.kodi/temp
2026-08-09 17:24:38.222 T:11       info <general>: special://logpath/ is mapped to: /home/localhost/.kodi/temp
2026-08-09 17:24:38.222 T:11       info <general>: Webserver extra whitelist paths: 
2026-08-09 17:24:38.222 T:11       info <general>: The executable running is: /usr/lib/x86_64-linux-gnu/kodi/kodi.bin
2026-08-09 17:24:38.222 T:11       info <general>: Local hostname: localhost
2026-08-09 17:24:38.222 T:11       info <general>: Log File is located: /home/localhost/.kodi/temp/kodi.log
2026-08-09 17:24:38.222 T:11       info <general>: -----------------------------------------------------------------------
2026-08-09 17:24:38.222 T:11       info <general>: loading settings
2026-08-09 17:24:38.223 T:11       info <general>: special://profile/ is mapped to: special://masterprofile/
2026-08-09 17:24:38.228 T:11       info <general>: No settings file to load (special://xbmc/system/advancedsettings.xml)
2026-08-09 17:24:38.228 T:11       info <general>: No settings file to load (special://masterprofile/advancedsettings.xml)
2026-08-09 17:24:38.228 T:11       info <general>: Default Video Player: VideoPlayer
2026-08-09 17:24:38.228 T:11       info <general>: Default Audio Player: paplayer
2026-08-09 17:24:38.228 T:11       info <general>: Disabled debug logging due to GUI setting. Level 0.
2026-08-09 17:24:38.228 T:11       info <general>: Log level changed to "info"
2026-08-09 17:24:38.228 T:11       info <general>: CMediaSourceSettings: loading media sources from special://masterprofile/sources.xml
2026-08-09 17:24:38.229 T:11       info <general>: New Cache GUI Settings (replacement of cache in advancedsettings.xml) are:
                                                     Buffer Mode: 4
                                                     Memory Size: 20 MB
                                                     Read Factor: 4.00 x 
                                                     Chunk Size : 131072 bytes
2026-08-09 17:24:38.229 T:11       info <general>: creating subdirectories
2026-08-09 17:24:38.229 T:11       info <general>: userdata folder: special://masterprofile/
2026-08-09 17:24:38.229 T:11       info <general>: recording folder: 
2026-08-09 17:24:38.229 T:11       info <general>: screenshots folder: 
2026-08-09 17:24:38.229 T:11       info <general>: Running database version Addons33
2026-08-09 17:24:38.264 T:11    warning <general>: CAddonMgr::FindAddons: Addon 'game.controller.keyboard' already present with higher version 1.1.47 at '/usr/share/kodi/addons/game.controller.keyboard/' - other version 1.1.43 at '/home/localhost/.kodi/addons/game.controller.keyboard/' will be ignored
2026-08-09 17:24:38.267 T:11       info <general>: CAddonMgr::FindAddons: audioencoder.kodi.builtin.aac v1.0.2 installed
2026-08-09 17:24:38.267 T:11       info <general>: CAddonMgr::FindAddons: audioencoder.kodi.builtin.wma v1.0.2 installed
2026-08-09 17:24:38.267 T:11       info <general>: CAddonMgr::FindAddons: game.controller.default v1.0.46 installed
2026-08-09 17:24:38.267 T:11       info <general>: CAddonMgr::FindAddons: game.controller.keyboard v1.1.47 installed
2026-08-09 17:24:38.267 T:11       info <general>: CAddonMgr::FindAddons: game.controller.mouse v1.0.30 installed
2026-08-09 17:24:38.267 T:11       info <general>: CAddonMgr::FindAddons: game.controller.snes v1.0.46 installed
2026-08-09 17:24:38.267 T:11       info <general>: CAddonMgr::FindAddons: inputstream.adaptive v21.5.16 installed
2026-08-09 17:24:38.267 T:11       info <general>: CAddonMgr::FindAddons: inputstream.ffmpegdirect v21.3.8 installed
2026-08-09 17:24:38.267 T:11       info <general>: CAddonMgr::FindAddons: kodi.binary.global.audioengine v1.1.1 installed
2026-08-09 17:24:38.267 T:11       info <general>: CAddonMgr::FindAddons: kodi.binary.global.filesystem v1.1.9 installed
2026-08-09 17:24:38.267 T:11       info <general>: CAddonMgr::FindAddons: kodi.binary.global.general v1.0.5 installed
2026-08-09 17:24:38.267 T:11       info <general>: CAddonMgr::FindAddons: kodi.binary.global.gui v5.15.0 installed
2026-08-09 17:24:38.267 T:11       info <general>: CAddonMgr::FindAddons: kodi.binary.global.main v2.0.2 installed
2026-08-09 17:24:38.268 T:11       info <general>: CAddonMgr::FindAddons: kodi.binary.global.network v1.0.4 installed
2026-08-09 17:24:38.268 T:11       info <general>: CAddonMgr::FindAddons: kodi.binary.global.tools v1.0.4 installed
2026-08-09 17:24:38.268 T:11       info <general>: CAddonMgr::FindAddons: kodi.binary.instance.audiodecoder v4.0.0 installed
2026-08-09 17:24:38.268 T:11       info <general>: CAddonMgr::FindAddons: kodi.binary.instance.audioencoder v3.0.0 installed
2026-08-09 17:24:38.268 T:11       info <general>: CAddonMgr::FindAddons: kodi.binary.instance.game v3.0.2 installed
2026-08-09 17:24:38.268 T:11       info <general>: CAddonMgr::FindAddons: kodi.binary.instance.imagedecoder v3.0.1 installed
2026-08-09 17:24:38.268 T:11       info <general>: CAddonMgr::FindAddons: kodi.binary.instance.inputstream v3.3.0 installed
2026-08-09 17:24:38.268 T:11       info <general>: CAddonMgr::FindAddons: kodi.binary.instance.peripheral v3.0.2 installed
2026-08-09 17:24:38.268 T:11       info <general>: CAddonMgr::FindAddons: kodi.binary.instance.pvr v8.3.0 installed
2026-08-09 17:24:38.268 T:11       info <general>: CAddonMgr::FindAddons: kodi.binary.instance.screensaver v2.2.0 installed
2026-08-09 17:24:38.268 T:11       info <general>: CAddonMgr::FindAddons: kodi.binary.instance.vfs v3.0.1 installed
2026-08-09 17:24:38.268 T:11       info <general>: CAddonMgr::FindAddons: kodi.binary.instance.videocodec v2.1.0 installed
2026-08-09 17:24:38.268 T:11       info <general>: CAddonMgr::FindAddons: kodi.binary.instance.visualization v4.0.0 installed
2026-08-09 17:24:38.268 T:11       info <general>: CAddonMgr::FindAddons: kodi.resource v1.0.0 installed
2026-08-09 17:24:38.268 T:11       info <general>: CAddonMgr::FindAddons: metadata.album.universal v3.1.18 installed
2026-08-09 17:24:38.268 T:11       info <general>: CAddonMgr::FindAddons: metadata.artists.universal v4.3.21 installed
2026-08-09 17:24:38.268 T:11       info <general>: CAddonMgr::FindAddons: metadata.common.allmusic.com v3.2.2 installed
2026-08-09 17:24:38.268 T:11       info <general>: CAddonMgr::FindAddons: metadata.common.fanart.tv v3.6.5 installed
2026-08-09 17:24:38.268 T:11       info <general>: CAddonMgr::FindAddons: metadata.common.musicbrainz.org v2.2.4 installed
2026-08-09 17:24:38.268 T:11       info <general>: CAddonMgr::FindAddons: metadata.common.theaudiodb.com v2.0.3 installed
2026-08-09 17:24:38.268 T:11       info <general>: CAddonMgr::FindAddons: metadata.generic.albums v1.0.18 installed
2026-08-09 17:24:38.268 T:11       info <general>: CAddonMgr::FindAddons: metadata.generic.artists v1.0.18 installed
2026-08-09 17:24:38.268 T:11       info <general>: CAddonMgr::FindAddons: metadata.local v1.0.1 installed
2026-08-09 17:24:38.268 T:11       info <general>: CAddonMgr::FindAddons: metadata.themoviedb.org.python v3.2.0 installed
2026-08-09 17:24:38.268 T:11       info <general>: CAddonMgr::FindAddons: metadata.tvshows.themoviedb.org.python v1.7.6 installed
2026-08-09 17:24:38.268 T:11       info <general>: CAddonMgr::FindAddons: plugin.audio.arteconcert v2.0.1 installed
2026-08-09 17:24:38.268 T:11       info <general>: CAddonMgr::FindAddons: plugin.audio.deutschlandfunk v2.0.8 installed
2026-08-09 17:24:38.268 T:11       info <general>: CAddonMgr::FindAddons: plugin.audio.soundcloud v4.1.0 installed
2026-08-09 17:24:38.268 T:11       info <general>: CAddonMgr::FindAddons: plugin.audio.spotify v1.3.10 installed
2026-08-09 17:24:38.268 T:11       info <general>: CAddonMgr::FindAddons: plugin.video.amazon-test v1.2.1+matrix.1 installed
2026-08-09 17:24:38.269 T:11       info <general>: CAddonMgr::FindAddons: plugin.video.ardundzdf v5.4.6+nexus installed
2026-08-09 17:24:38.269 T:11       info <general>: CAddonMgr::FindAddons: plugin.video.artetv.de v2.0.1+matrix.1 installed
2026-08-09 17:24:38.269 T:11       info <general>: CAddonMgr::FindAddons: plugin.video.crunchyroll v3.3.0 installed
2026-08-09 17:24:38.269 T:11       info <general>: CAddonMgr::FindAddons: plugin.video.filmarkivet v3.3.0+matrix.1 installed
2026-08-09 17:24:38.269 T:11       info <general>: CAddonMgr::FindAddons: plugin.video.filmfriend v1.0.0 installed
2026-08-09 17:24:38.269 T:11       info <general>: CAddonMgr::FindAddons: plugin.video.joyn v2.5.41+matrix.1 installed
2026-08-09 17:24:38.269 T:11       info <general>: CAddonMgr::FindAddons: plugin.video.mubi v1.0.3 installed
2026-08-09 17:24:38.269 T:11       info <general>: CAddonMgr::FindAddons: plugin.video.mytube v4.0.20 installed
2026-08-09 17:24:38.269 T:11       info <general>: CAddonMgr::FindAddons: plugin.video.nasa v3.0.3+matrix.1 installed
2026-08-09 17:24:38.269 T:11       info <general>: CAddonMgr::FindAddons: plugin.video.netflix v1.23.5+matrix.1 installed
2026-08-09 17:24:38.269 T:11       info <general>: CAddonMgr::FindAddons: plugin.video.twitch v3.0.2 installed
2026-08-09 17:24:38.269 T:11       info <general>: CAddonMgr::FindAddons: plugin.video.youtube v7.4.3 installed
2026-08-09 17:24:38.269 T:11       info <general>: CAddonMgr::FindAddons: repository.castagnait v2.0.1 installed
2026-08-09 17:24:38.269 T:11       info <general>: CAddonMgr::FindAddons: repository.debian.languages v1.0.0 installed
2026-08-09 17:24:38.269 T:11       info <general>: CAddonMgr::FindAddons: repository.kodinerds v7.0.1.7 installed
2026-08-09 17:24:38.269 T:11       info <general>: CAddonMgr::FindAddons: repository.lekma v4.0.1 installed
2026-08-09 17:24:38.269 T:11       info <general>: CAddonMgr::FindAddons: repository.mtr81 v1.0 installed
2026-08-09 17:24:38.269 T:11       info <general>: CAddonMgr::FindAddons: repository.sandmann79.plugins v1.0.4+matrix installed
2026-08-09 17:24:38.269 T:11       info <general>: CAddonMgr::FindAddons: repository.slyguy v0.0.9 installed
2026-08-09 17:24:38.269 T:11       info <general>: CAddonMgr::FindAddons: repository.xbmc.org v3.4.0 installed
2026-08-09 17:24:38.269 T:11       info <general>: CAddonMgr::FindAddons: resource.images.weathericons.default v1.1.9 installed
2026-08-09 17:24:38.269 T:11       info <general>: CAddonMgr::FindAddons: resource.language.en_gb v2.0.2 installed
2026-08-09 17:24:38.269 T:11       info <general>: CAddonMgr::FindAddons: resource.timezone v1.0.0 installed
2026-08-09 17:24:38.269 T:11       info <general>: CAddonMgr::FindAddons: resource.uisounds.kodi v1.0.1 installed
2026-08-09 17:24:38.269 T:11       info <general>: CAddonMgr::FindAddons: screensaver.shadertoy v21.0.2 installed
2026-08-09 17:24:38.269 T:11       info <general>: CAddonMgr::FindAddons: screensaver.xbmc.builtin.black v1.0.34 installed
2026-08-09 17:24:38.269 T:11       info <general>: CAddonMgr::FindAddons: screensaver.xbmc.builtin.dim v1.0.66 installed
2026-08-09 17:24:38.269 T:11       info <general>: CAddonMgr::FindAddons: script.module.addon.signals v0.0.6+matrix.1 installed
2026-08-09 17:24:38.269 T:11       info <general>: CAddonMgr::FindAddons: script.module.amazoncaptcha v0.5.11+matrix.1 installed
2026-08-09 17:24:38.269 T:11       info <general>: CAddonMgr::FindAddons: script.module.beautifulsoup4 v4.12.2 installed
2026-08-09 17:24:38.270 T:11       info <general>: CAddonMgr::FindAddons: script.module.certifi v2023.5.7 installed
2026-08-09 17:24:38.270 T:11       info <general>: CAddonMgr::FindAddons: script.module.chardet v5.1.0 installed
2026-08-09 17:24:38.270 T:11       info <general>: CAddonMgr::FindAddons: script.module.feedparser v6.0.11 installed
2026-08-09 17:24:38.270 T:11       info <general>: CAddonMgr::FindAddons: script.module.iapc v2.4.4 installed
2026-08-09 17:24:38.270 T:11       info <general>: CAddonMgr::FindAddons: script.module.idna v3.10.0 installed
2026-08-09 17:24:38.270 T:11       info <general>: CAddonMgr::FindAddons: script.module.inputstreamhelper v0.8.5 installed
2026-08-09 17:24:38.270 T:11       info <general>: CAddonMgr::FindAddons: script.module.js_runtimes v2.0.22 installed
2026-08-09 17:24:38.270 T:11       info <general>: CAddonMgr::FindAddons: script.module.kodi-six v0.1.3.1 installed
2026-08-09 17:24:38.270 T:11       info <general>: CAddonMgr::FindAddons: script.module.libarte v2.0.2 installed
2026-08-09 17:24:38.270 T:11       info <general>: CAddonMgr::FindAddons: script.module.libmediathek4 v1.0.0 installed
2026-08-09 17:24:38.270 T:11       info <general>: CAddonMgr::FindAddons: script.module.m3u8 v6.0.0-20250131 installed
2026-08-09 17:24:38.270 T:11       info <general>: CAddonMgr::FindAddons: script.module.mechanicalsoup v1.0.0+matrix.1 installed
2026-08-09 17:24:38.270 T:11       info <general>: CAddonMgr::FindAddons: script.module.myconnpy v8.0.33 installed
2026-08-09 17:24:38.270 T:11       info <general>: CAddonMgr::FindAddons: script.module.nuttig v1.4.22 installed
2026-08-09 17:24:38.270 T:11       info <general>: CAddonMgr::FindAddons: script.module.packaging v26.2 installed
2026-08-09 17:24:38.270 T:11       info <general>: CAddonMgr::FindAddons: script.module.pil v5.1.0 installed
2026-08-09 17:24:38.270 T:11       info <general>: CAddonMgr::FindAddons: script.module.pyautogui v0.9.51+matrix.1 installed
2026-08-09 17:24:38.270 T:11       info <general>: CAddonMgr::FindAddons: script.module.pycryptodome v3.4.3 installed
2026-08-09 17:24:38.270 T:11       info <general>: CAddonMgr::FindAddons: script.module.python.twitch v3.0.2 installed
2026-08-09 17:24:38.270 T:11       info <general>: CAddonMgr::FindAddons: script.module.pyxbmct v1.3.2+matrix.1 installed
2026-08-09 17:24:38.270 T:11       info <general>: CAddonMgr::FindAddons: script.module.requests v2.31.0 installed
2026-08-09 17:24:38.270 T:11       info <general>: CAddonMgr::FindAddons: script.module.requests-cache v0.5.2+matrix.2 installed
2026-08-09 17:24:38.270 T:11       info <general>: CAddonMgr::FindAddons: script.module.sgmllib3k v1.0.0+matrix.2 installed
2026-08-09 17:24:38.270 T:11       info <general>: CAddonMgr::FindAddons: script.module.six v1.16.0+matrix.1 installed
2026-08-09 17:24:38.270 T:11       info <general>: CAddonMgr::FindAddons: script.module.slyguy v0.86.75 installed
2026-08-09 17:24:38.270 T:11       info <general>: CAddonMgr::FindAddons: script.module.soupsieve v2.4.1 installed
2026-08-09 17:24:38.270 T:11       info <general>: CAddonMgr::FindAddons: script.module.urllib3 v2.2.3 installed
2026-08-09 17:24:38.270 T:11       info <general>: CAddonMgr::FindAddons: script.module.xbmcswift2 v19.0.7 installed
2026-08-09 17:24:38.270 T:11       info <general>: CAddonMgr::FindAddons: script.module.xmltodict v0.12.0+matrix.2 installed
2026-08-09 17:24:38.270 T:11       info <general>: CAddonMgr::FindAddons: script.module.yt-dlp v2026.03.17-1 installed
2026-08-09 17:24:38.270 T:11       info <general>: CAddonMgr::FindAddons: service.manifests v2.0.0 installed
2026-08-09 17:24:38.271 T:11       info <general>: CAddonMgr::FindAddons: service.manifests.mpd v1.4.2 installed
2026-08-09 17:24:38.271 T:11       info <general>: CAddonMgr::FindAddons: service.upnext v1.1.9+matrix.1 installed
2026-08-09 17:24:38.271 T:11       info <general>: CAddonMgr::FindAddons: service.xbmc.versioncheck v0.5.30+matrix.1 installed
2026-08-09 17:24:38.271 T:11       info <general>: CAddonMgr::FindAddons: service.yt-dlp v2.0.2 installed
2026-08-09 17:24:38.271 T:11       info <general>: CAddonMgr::FindAddons: skin.estuary v4.0.0 installed
2026-08-09 17:24:38.271 T:11       info <general>: CAddonMgr::FindAddons: slyguy.dependencies v0.0.30 installed
2026-08-09 17:24:38.271 T:11       info <general>: CAddonMgr::FindAddons: slyguy.disney.plus v0.20.32 installed
2026-08-09 17:24:38.271 T:11       info <general>: CAddonMgr::FindAddons: visualization.shadertoy v21.0.2 installed
2026-08-09 17:24:38.271 T:11       info <general>: CAddonMgr::FindAddons: webinterface.default v2.2.33 installed
2026-08-09 17:24:38.271 T:11       info <general>: CAddonMgr::FindAddons: xbmc.addon v21.3.0 installed
2026-08-09 17:24:38.271 T:11       info <general>: CAddonMgr::FindAddons: xbmc.core v0.1.0 installed
2026-08-09 17:24:38.271 T:11       info <general>: CAddonMgr::FindAddons: xbmc.gui v5.17.0 installed
2026-08-09 17:24:38.271 T:11       info <general>: CAddonMgr::FindAddons: xbmc.json v13.5.0 installed
2026-08-09 17:24:38.271 T:11       info <general>: CAddonMgr::FindAddons: xbmc.metadata v2.1.0 installed
2026-08-09 17:24:38.271 T:11       info <general>: CAddonMgr::FindAddons: xbmc.python v3.0.1 installed
2026-08-09 17:24:38.271 T:11       info <general>: CAddonMgr::FindAddons: xbmc.webinterface v1.0.0 installed
2026-08-09 17:24:38.272 T:11       info <general>: Selected Logind/UPower as PowerSyscall
2026-08-09 17:24:38.283 T:11      error <general>: DBus error: org.freedesktop.DBus.Error.InvalidArgs - No such property “OnLowBattery”
2026-08-09 17:24:38.284 T:11       info <general>: Selected UPower as PowerSyscall
2026-08-09 17:24:38.284 T:11      error <general>: DBus error: org.freedesktop.DBus.Error.InvalidArgs - No such property “CanSuspend”
2026-08-09 17:24:38.284 T:11      error <general>: DBus error: org.freedesktop.DBus.Error.InvalidArgs - No such property “CanHibernate”
2026-08-09 17:24:38.291 T:11       info <general>: CKeyboardLayoutManager: loading keyboard layouts from special://xbmc/system/keyboardlayouts...
2026-08-09 17:24:38.381 T:11       info <general>: InitWindowSystem: Connecting to Wayland server
2026-08-09 17:24:38.382 T:11       info <general>: Wayland presentation clock: 1
2026-08-09 17:24:38.382 T:11       info <general>: UpdateResolutions: User wanted output "Default", we now have "Apple Computer Inc iMac" size 475x267 mm with 1 mode(s):
2026-08-09 17:24:38.382 T:11       info <general>: UpdateResolutions: - 3840x2160 @59.997 Hz pixel ratio 1.001 current
2026-08-09 17:24:38.397 T:11       info <general>: EGL_VERSION = 1.5
2026-08-09 17:24:38.397 T:11       info <general>: EGL_VENDOR = Mesa Project
2026-08-09 17:24:38.397 T:11       info <general>: EGL_EXTENSIONS = EGL_ANDROID_blob_cache EGL_ANDROID_native_fence_sync EGL_EXT_buffer_age EGL_EXT_config_select_group EGL_EXT_create_context_robustness EGL_EXT_image_dma_buf_import EGL_EXT_image_dma_buf_import_modifiers EGL_EXT_present_opaque EGL_EXT_query_reset_notification_strategy EGL_EXT_surface_compression EGL_EXT_swap_buffers_with_damage EGL_IMG_context_priority EGL_KHR_cl_event2 EGL_KHR_config_attribs EGL_KHR_context_flush_control EGL_KHR_create_context EGL_KHR_create_context_no_error EGL_KHR_fence_sync EGL_KHR_get_all_proc_addresses EGL_KHR_gl_colorspace EGL_KHR_gl_renderbuffer_image EGL_KHR_gl_texture_2D_image EGL_KHR_gl_texture_3D_image EGL_KHR_gl_texture_cubemap_image EGL_KHR_image_base EGL_KHR_no_config_context EGL_KHR_reusable_sync EGL_KHR_surfaceless_context EGL_KHR_swap_buffers_with_damage EGL_EXT_pixel_format_float EGL_KHR_wait_sync EGL_MESA_configless_context EGL_MESA_gl_interop EGL_MESA_image_dma_buf_export EGL_MESA_query_driver EGL_MESA_x11_native_visual_id 
2026-08-09 17:24:38.397 T:11       info <general>: EGL_CLIENT_EXTENSIONS = EGL_EXT_device_base EGL_EXT_device_enumeration EGL_EXT_device_query EGL_EXT_platform_base EGL_KHR_client_get_all_proc_addresses EGL_EXT_client_extensions EGL_KHR_debug EGL_EXT_platform_device EGL_EXT_explicit_device EGL_EXT_platform_wayland EGL_KHR_platform_wayland EGL_EXT_platform_x11 EGL_KHR_platform_x11 EGL_EXT_platform_xcb EGL_MESA_platform_gbm EGL_KHR_platform_gbm EGL_MESA_platform_surfaceless
2026-08-09 17:24:38.397 T:11       info <general>: RetroPlayer[RENDER]: Registering renderer factory for DMA
2026-08-09 17:24:38.397 T:11       info <general>: RetroPlayer[RENDER]: Registering renderer factory for OpenGL
2026-08-09 17:24:38.414 T:11       info <general>: VAAPI::Close - closing decoder context
2026-08-09 17:24:38.415 T:11       info <general>: CApplication::CreateGUI - using the wayland windowing system
2026-08-09 17:24:38.415 T:11       info <general>: Checking resolution 16
2026-08-09 17:24:38.415 T:11       info <general>: CreateNewWindow: Starting full screen size 3840x2160
2026-08-09 17:24:38.415 T:11       info <general>: UpdateSizeVariables: Surface size changed: 0x0 -> 3840x2160
2026-08-09 17:24:38.415 T:11       info <general>: UpdateSizeVariables: Buffer size changed: 0x0 -> 3840x2160
2026-08-09 17:24:38.415 T:11       info <general>: UpdateSizeVariables: Configured size changed: 0x0 -> 3840x2160
2026-08-09 17:24:38.420 T:11       info <general>: UpdateSizeVariables: Surface size changed: 3840x2160 -> 1920x1080
2026-08-09 17:24:38.420 T:11       info <general>: UpdateSizeVariables: Buffer size changed: 3840x2160 -> 1920x1080
2026-08-09 17:24:38.420 T:11       info <general>: UpdateSizeVariables: Configured size changed: 3840x2160 -> 1920x1080
2026-08-09 17:24:38.426 T:11       info <general>: CRenderSystemGL::InitRenderSystem - Version: 4.6 (Core Profile) Mesa 26.2.0~rc3-1, Major: 4, Minor: 6
2026-08-09 17:24:38.426 T:11       info <general>: GL_VENDOR = AMD
2026-08-09 17:24:38.426 T:11       info <general>: GL_RENDERER = AMD Radeon RX Graphics (radeonsi, polaris11, ACO, DRM 3.64, 7.1.6-x64v3-xanmod1)
2026-08-09 17:24:38.426 T:11       info <general>: GL_VERSION = 4.6 (Core Profile) Mesa 26.2.0~rc3-1
2026-08-09 17:24:38.426 T:11       info <general>: GL_SHADING_LANGUAGE_VERSION = 4.60
2026-08-09 17:24:38.426 T:11       info <general>: GL_GPU_MEMORY_INFO_TOTAL_AVAILABLE_MEMORY_NVX = 6107720
2026-08-09 17:24:38.426 T:11       info <general>: GL_GPU_MEMORY_INFO_DEDICATED_VIDMEM_NVX = 2097152
2026-08-09 17:24:38.426 T:11       info <general>: GL_EXTENSIONS = GL_AMD_conservative_depth GL_AMD_depth_clamp_separate GL_AMD_draw_buffers_blend GL_AMD_framebuffer_multisample_advanced GL_AMD_gpu_shader_int64 GL_AMD_multi_draw_indirect GL_AMD_performance_monitor GL_AMD_pinned_memory GL_AMD_query_buffer_object GL_AMD_seamless_cubemap_per_texture GL_AMD_shader_stencil_export GL_AMD_shader_trinary_minmax GL_AMD_texture_texture4 GL_AMD_vertex_shader_layer GL_AMD_vertex_shader_viewport_index GL_ANGLE_texture_compression_dxt3 GL_ANGLE_texture_compression_dxt5 GL_ARB_ES2_compatibility GL_ARB_ES3_1_compatibility GL_ARB_ES3_2_compatibility GL_ARB_ES3_compatibility GL_ARB_arrays_of_arrays GL_ARB_base_instance GL_ARB_bindless_texture GL_ARB_blend_func_extended GL_ARB_buffer_storage GL_ARB_clear_buffer_object GL_ARB_clear_texture GL_ARB_clip_control GL_ARB_color_buffer_float GL_ARB_compressed_texture_pixel_storage GL_ARB_compute_shader GL_ARB_compute_variable_group_size GL_ARB_conditional_render_inverted GL_ARB_conservative_depth GL_ARB_copy_buffer GL_ARB_copy_image GL_ARB_cull_distance GL_ARB_debug_output GL_ARB_depth_buffer_float GL_ARB_depth_clamp GL_ARB_derivative_control GL_ARB_direct_state_access GL_ARB_draw_buffers GL_ARB_draw_buffers_blend GL_ARB_draw_elements_base_vertex GL_ARB_draw_indirect GL_ARB_draw_instanced GL_ARB_enhanced_layouts GL_ARB_explicit_attrib_location GL_ARB_explicit_uniform_location GL_ARB_fragment_coord_conventions GL_ARB_fragment_layer_viewport GL_ARB_fragment_shader GL_ARB_framebuffer_no_attachments GL_ARB_framebuffer_object GL_ARB_framebuffer_sRGB GL_ARB_get_program_binary GL_ARB_get_texture_sub_image GL_ARB_gl_spirv GL_ARB_gpu_shader5 GL_ARB_gpu_shader_fp64 GL_ARB_gpu_shader_int64 GL_ARB_half_float_pixel GL_ARB_half_float_vertex GL_ARB_indirect_parameters GL_ARB_instanced_arrays GL_ARB_internalformat_query GL_ARB_internalformat_query2 GL_ARB_invalidate_subdata GL_ARB_map_buffer_alignment GL_ARB_map_buffer_range GL_ARB_multi_bind GL_ARB_multi_draw_indirect GL_ARB_occlusion_query2 GL_ARB_parallel_shader_compile GL_ARB_pipeline_statistics_query GL_ARB_pixel_buffer_object GL_ARB_point_sprite GL_ARB_polygon_offset_clamp GL_ARB_program_interface_query GL_ARB_provoking_vertex GL_ARB_query_buffer_object GL_ARB_robust_buffer_access_behavior GL_ARB_robustness GL_ARB_sample_shading GL_ARB_sampler_objects GL_ARB_seamless_cube_map GL_ARB_seamless_cubemap_per_texture GL_ARB_separate_shader_objects GL_ARB_shader_atomic_counter_ops GL_ARB_shader_atomic_counters GL_ARB_shader_ballot GL_ARB_shader_bit_encoding GL_ARB_shader_clock GL_ARB_shader_draw_parameters GL_ARB_shader_group_vote GL_ARB_shader_image_load_store GL_ARB_shader_image_size GL_ARB_shader_objects GL_ARB_shader_precision GL_ARB_shader_stencil_export GL_ARB_shader_storage_buffer_object GL_ARB_shader_subroutine GL_ARB_shader_texture_image_samples GL_ARB_shader_texture_lod GL_ARB_shader_viewport_layer_array GL_ARB_shading_language_420pack GL_ARB_shading_language_include GL_ARB_shading_language_packing GL_ARB_spirv_extensions GL_ARB_stencil_texturing GL_ARB_sync GL_ARB_tessellation_shader GL_ARB_texture_barrier GL_ARB_texture_border_clamp GL_ARB_texture_buffer_object GL_ARB_texture_buffer_object_rgb32 GL_ARB_texture_buffer_range GL_ARB_texture_compression_bptc GL_ARB_texture_compression_rgtc GL_ARB_texture_cube_map_array GL_ARB_texture_filter_anisotropic GL_ARB_texture_filter_minmax GL_ARB_texture_float GL_ARB_texture_gather GL_ARB_texture_mirror_clamp_to_edge GL_ARB_texture_multisample GL_ARB_texture_non_power_of_two GL_ARB_texture_query_levels GL_ARB_texture_query_lod GL_ARB_texture_rectangle GL_ARB_texture_rg GL_ARB_texture_rgb10_a2ui GL_ARB_texture_stencil8 GL_ARB_texture_storage GL_ARB_texture_storage_multisample GL_ARB_texture_swizzle GL_ARB_texture_view GL_ARB_timer_query GL_ARB_transform_feedback2 GL_ARB_transform_feedback3 GL_ARB_transform_feedback_instanced GL_ARB_transform_feedback_overflow_query GL_ARB_uniform_buffer_object GL_ARB_vertex_array_bgra GL_ARB_vertex_array_object GL_ARB_vertex_attrib_64bit GL_ARB_vertex_attrib_binding GL_ARB_vertex_buffer_object GL_ARB_vertex_shader GL_ARB_vertex_type_10f_11f_11f_rev GL_ARB_vertex_type_2_10_10_10_rev GL_ARB_viewport_array GL_ATI_blend_equation_separate GL_ATI_meminfo GL_ATI_texture_float GL_ATI_texture_mirror_once GL_EXT_EGL_image_storage GL_EXT_EGL_image_storage_compression GL_EXT_EGL_sync GL_EXT_abgr GL_EXT_blend_equation_separate GL_EXT_debug_label GL_EXT_demote_to_helper_invocation GL_EXT_depth_bounds_test GL_EXT_draw_buffers2 GL_EXT_draw_instanced GL_EXT_framebuffer_blit GL_EXT_framebuffer_multisample GL_EXT_framebuffer_multisample_blit_scaled GL_EXT_framebuffer_object GL_EXT_framebuffer_sRGB GL_EXT_memory_object GL_EXT_memory_object_fd GL_EXT_packed_depth_stencil GL_EXT_packed_float GL_EXT_pixel_buffer_object GL_EXT_polygon_offset_clamp GL_EXT_provoking_vertex GL_EXT_semaphore GL_EXT_semaphore_fd GL_EXT_shader_clock GL_EXT_shader_image_load_formatted GL_EXT_shader_image_load_store GL_EXT_shader_integer_mix GL_EXT_shader_samples_identical GL_EXT_texture_array GL_EXT_texture_compression_dxt1 GL_EXT_texture_compression_rgtc GL_EXT_texture_compression_s3tc GL_EXT_texture_filter_anisotropic GL_EXT_texture_filter_minmax GL_EXT_texture_integer GL_EXT_texture_mirror_clamp GL_EXT_texture_sRGB GL_EXT_texture_sRGB_R8 GL_EXT_texture_sRGB_decode GL_EXT_texture_shadow_lod GL_EXT_texture_shared_exponent GL_EXT_texture_snorm GL_EXT_texture_storage GL_EXT_texture_swizzle GL_EXT_timer_query GL_EXT_transform_feedback GL_EXT_vertex_array_bgra GL_EXT_vertex_attrib_64bit GL_EXT_window_rectangles GL_IBM_multimode_draw_arrays GL_INTEL_blackhole_render GL_KHR_blend_equation_advanced GL_KHR_context_flush_control GL_KHR_debug GL_KHR_no_error GL_KHR_parallel_shader_compile GL_KHR_robust_buffer_access_behavior GL_KHR_robustness GL_KHR_shader_subgroup GL_KHR_texture_compression_astc_ldr GL_KHR_texture_compression_astc_sliced_3d GL_MESA_framebuffer_flip_y GL_MESA_pack_invert GL_MESA_shader_integer_functions GL_MESA_texture_const_bandwidth GL_MESA_texture_signed_rgba GL_NVX_gpu_memory_info GL_NV_alpha_to_coverage_dither_control GL_NV_compute_shader_derivatives GL_NV_conditional_render GL_NV_copy_image GL_NV_depth_clamp GL_NV_packed_depth_stencil GL_NV_shader_atomic_int64 GL_NV_texture_barrier GL_NV_timeline_semaphore GL_OES_EGL_image GL_S3_s3tc 
2026-08-09 17:24:38.436 T:11       info <general>: SetResolutionExternal: Kodi asked to switch mode to 1920x1080 @59.997 Hz on output "Apple Computer Inc iMac" full screen
2026-08-09 17:24:38.438 T:11       info <general>: GetOSScreenSaverImpl: Using idle-inhibit-unstable-v1 protocol for screen saver inhibition
2026-08-09 17:24:38.523 T:11       info <general>: GL: Enabling VSYNC
2026-08-09 17:24:38.524 T:11       info <general>: UpdateResolutions: User wanted output "Default", we now have "Apple Computer Inc iMac" size 475x267 mm with 1 mode(s):
2026-08-09 17:24:38.524 T:11       info <general>: UpdateResolutions: - 3840x2160 @59.997 Hz pixel ratio 1.001 current
2026-08-09 17:24:38.524 T:11       info <general>: load keymapping
2026-08-09 17:24:38.524 T:11       info <general>: Loading special://xbmc/system/keymaps/appcommand.xml
2026-08-09 17:24:38.524 T:11       info <general>: Loading special://xbmc/system/keymaps/customcontroller.AppleRemote.xml
2026-08-09 17:24:38.525 T:11       info <general>: Loading special://xbmc/system/keymaps/customcontroller.Harmony.xml
2026-08-09 17:24:38.525 T:11       info <general>: Loading special://xbmc/system/keymaps/customcontroller.SiriRemote.xml
2026-08-09 17:24:38.525 T:11       info <general>: Loading special://xbmc/system/keymaps/gamepad.xml
2026-08-09 17:24:38.525 T:11       info <general>: Loading special://xbmc/system/keymaps/joystick.xml
2026-08-09 17:24:38.526 T:11       info <general>: Loading special://xbmc/system/keymaps/keyboard.xml
2026-08-09 17:24:38.526 T:11       info <general>: Loading special://xbmc/system/keymaps/mouse.xml
2026-08-09 17:24:38.527 T:11       info <general>: Loading special://xbmc/system/keymaps/remote.xml
2026-08-09 17:24:38.527 T:11       info <general>: Loading special://xbmc/system/keymaps/touchscreen.xml
2026-08-09 17:24:38.527 T:11       info <general>: GUI format 3840x2160, Display Apple Computer Inc iMac: 3840x2160 @ 60.00Hz
2026-08-09 17:24:38.528 T:53       info <general>: Found 1 Lists of Devices
2026-08-09 17:24:38.528 T:53       info <general>: Enumerated PIPEWIRE devices:
2026-08-09 17:24:38.528 T:53       info <general>:     Device 1
2026-08-09 17:24:38.528 T:53       info <general>:         m_deviceName      : Default
2026-08-09 17:24:38.528 T:53       info <general>:         m_displayName     : Default
2026-08-09 17:24:38.528 T:53       info <general>:         m_displayNameExtra: Default Output Device (PIPEWIRE)
2026-08-09 17:24:38.528 T:53       info <general>:         m_deviceType      : AE_DEVTYPE_PCM
2026-08-09 17:24:38.528 T:53       info <general>:         m_channels        : FL, FR
2026-08-09 17:24:38.528 T:53       info <general>:         m_sampleRates     : 5512,8000,11025,16000,22050,32000,44100,48000,64000,88200,96000,176400,192000,384000
2026-08-09 17:24:38.528 T:53       info <general>:         m_dataFormats     : AE_FMT_RAW,AE_FMT_U8,AE_FMT_S16NE,AE_FMT_S24NE4,AE_FMT_S32NE,AE_FMT_S24NE3,AE_FMT_FLOAT
2026-08-09 17:24:38.528 T:53       info <general>:         m_streamTypes     : No passthrough capabilities
2026-08-09 17:24:38.528 T:53       info <general>:     Device 2
2026-08-09 17:24:38.528 T:53       info <general>:         m_deviceName      : effect_input.virtual-surround-7.1-hesuvi
2026-08-09 17:24:38.528 T:53       info <general>:         m_displayName     : Atmos Virtual Surround Sink
2026-08-09 17:24:38.528 T:53       info <general>:         m_displayNameExtra: Atmos Virtual Surround Sink (PIPEWIRE)
2026-08-09 17:24:38.528 T:53       info <general>:         m_deviceType      : AE_DEVTYPE_PCM
2026-08-09 17:24:38.528 T:53       info <general>:         m_channels        : FL, FR, FC, LFE, SL, SR, BL, BR
2026-08-09 17:24:38.528 T:53       info <general>:         m_sampleRates     : 5512,8000,11025,16000,22050,32000,44100,48000,64000,88200,96000,176400,192000,384000
2026-08-09 17:24:38.528 T:53       info <general>:         m_dataFormats     : AE_FMT_RAW,AE_FMT_U8,AE_FMT_S16NE,AE_FMT_S24NE4,AE_FMT_S32NE,AE_FMT_S24NE3,AE_FMT_FLOAT
2026-08-09 17:24:38.528 T:53       info <general>:         m_streamTypes     : No passthrough capabilities
2026-08-09 17:24:38.528 T:53       info <general>:     Device 3
2026-08-09 17:24:38.528 T:53       info <general>:         m_deviceName      : alsa_output.usb-Generic_AB13X_USB_Audio_20210726905926-00.analog-stereo
2026-08-09 17:24:38.528 T:53       info <general>:         m_displayName     : AB13X USB Audio Analog Stereo
2026-08-09 17:24:38.528 T:53       info <general>:         m_displayNameExtra: AB13X USB Audio Analog Stereo (PIPEWIRE)
2026-08-09 17:24:38.528 T:53       info <general>:         m_deviceType      : AE_DEVTYPE_PCM
2026-08-09 17:24:38.528 T:53       info <general>:         m_channels        : FL, FR
2026-08-09 17:24:38.528 T:53       info <general>:         m_sampleRates     : 5512,8000,11025,16000,22050,32000,44100,48000,64000,88200,96000,176400,192000,384000
2026-08-09 17:24:38.528 T:53       info <general>:         m_dataFormats     : AE_FMT_RAW,AE_FMT_U8,AE_FMT_S16NE,AE_FMT_S24NE4,AE_FMT_S32NE,AE_FMT_S24NE3,AE_FMT_FLOAT
2026-08-09 17:24:38.528 T:53       info <general>:         m_streamTypes     : No passthrough capabilities
2026-08-09 17:24:38.528 T:53       info <general>:     Device 4
2026-08-09 17:24:38.528 T:53       info <general>:         m_deviceName      : alsa_output.pci-0000_00_1f.3.analog-stereo
2026-08-09 17:24:38.528 T:53       info <general>:         m_displayName     : Built-in Audio Analog Stereo
2026-08-09 17:24:38.528 T:53       info <general>:         m_displayNameExtra: Built-in Audio Analog Stereo (PIPEWIRE)
2026-08-09 17:24:38.528 T:53       info <general>:         m_deviceType      : AE_DEVTYPE_PCM
2026-08-09 17:24:38.528 T:53       info <general>:         m_channels        : FL, FR
2026-08-09 17:24:38.528 T:53       info <general>:         m_sampleRates     : 5512,8000,11025,16000,22050,32000,44100,48000,64000,88200,96000,176400,192000,384000
2026-08-09 17:24:38.528 T:53       info <general>:         m_dataFormats     : AE_FMT_RAW,AE_FMT_U8,AE_FMT_S16NE,AE_FMT_S24NE4,AE_FMT_S32NE,AE_FMT_S24NE3,AE_FMT_FLOAT
2026-08-09 17:24:38.528 T:53       info <general>:         m_streamTypes     : No passthrough capabilities
2026-08-09 17:24:38.528 T:54       info <general>: CActiveAESink::OpenSink - initialize sink
2026-08-09 17:24:38.532 T:11       info <general>: CLangInfo: loading resource.language.en_gb language information...
2026-08-09 17:24:38.533 T:11       info <general>: global locale set to en_US.UTF-8
2026-08-09 17:24:38.533 T:11       info <general>: CLangInfo: loading resource.language.en_gb language strings...
2026-08-09 17:24:38.545 T:55       info <general>: Running database version Addons33
2026-08-09 17:24:38.545 T:55       info <general>: Running database version ViewModes6
2026-08-09 17:24:38.546 T:55       info <general>: Running database version Textures13
2026-08-09 17:24:38.547 T:55       info <general>: Running database version MyMusic83
2026-08-09 17:24:38.548 T:55       info <general>: Running database version MyVideos131
2026-08-09 17:24:38.549 T:55       info <general>: Running database version TV46
2026-08-09 17:24:38.549 T:55       info <general>: Running database version Epg16
2026-08-09 17:24:38.791 T:11       info <general>: Unloaded skin
2026-08-09 17:24:38.791 T:11       info <general>:   load skin from: /usr/share/kodi/addons/skin.estuary/ (version: 4.0.0)
2026-08-09 17:24:38.791 T:11       info <general>:   load fonts for skin...
2026-08-09 17:24:38.791 T:11       info <general>: Loading colors from /usr/share/kodi/addons/skin.estuary/colors/concrete.xml
2026-08-09 17:24:38.792 T:11       info <general>: Loading skin includes from /usr/share/kodi/addons/skin.estuary/xml/Includes.xml
2026-08-09 17:24:38.810 T:11       info <general>: LoadFontsFromFile: Loading <fontset> with name 'Default' from '/usr/share/kodi/addons/skin.estuary/xml/Font.xml'
2026-08-09 17:24:38.812 T:11      error <general>: GUIFontManager::LoadTTF: Couldn't load font name: font_clock(roboto-thin.ttf), trying arial.ttf
2026-08-09 17:24:38.814 T:11       info <general>: LoadTimers: Trying to load skin timers from /usr/share/kodi/addons/skin.estuary/xml/Timers.xml
2026-08-09 17:24:38.814 T:11       info <general>:   load new skin...
2026-08-09 17:24:38.814 T:11       info <general>: Loading custom window XMLs from skin path /usr/share/kodi/addons/skin.estuary/xml
2026-08-09 17:24:38.816 T:11       info <general>:   initialize new skin...
2026-08-09 17:24:38.816 T:11       info <general>: Loading skin file: Custom_1109_TopBarOverlay.xml, load type: LOAD_ON_GUI_INIT
2026-08-09 17:24:38.820 T:11       info <general>: Loading skin file: DialogBusy.xml, load type: LOAD_ON_GUI_INIT
2026-08-09 17:24:38.820 T:11       info <general>: Loading skin file: DialogNotification.xml, load type: LOAD_ON_GUI_INIT
2026-08-09 17:24:38.820 T:11       info <general>: Loading skin file: DialogSeekBar.xml, load type: LOAD_ON_GUI_INIT
2026-08-09 17:24:38.825 T:11       info <general>: Loading skin file: DialogExtendedProgressBar.xml, load type: LOAD_ON_GUI_INIT
2026-08-09 17:24:38.826 T:11       info <general>: Loading skin file: Pointer.xml, load type: LOAD_ON_GUI_INIT
2026-08-09 17:24:38.826 T:11       info <general>: Loading skin file: DialogBusy.xml, load type: LOAD_ON_GUI_INIT
2026-08-09 17:24:38.826 T:11       info <general>: Loading skin file: DialogVolumeBar.xml, load type: LOAD_ON_GUI_INIT
2026-08-09 17:24:38.826 T:11       info <general>: Loading resource://resource.uisounds.kodi/sounds.xml
2026-08-09 17:24:38.836 T:11       info <general>:   skin loaded...
2026-08-09 17:24:38.836 T:11       info <general>: Loading skin file: Startup.xml, load type: LOAD_EVERY_TIME
2026-08-09 17:24:38.837 T:11       info <general>: Loading skin file: MyFavourites.xml, load type: KEEP_IN_MEMORY
2026-08-09 17:24:38.856 T:11    warning <general>: JSONRPC: Could not parse type "Setting.Details.SettingList"
2026-08-09 17:24:38.856 T:11       info <general>: JSONRPC: Adding type "Setting.Details.SettingList" to list of incomplete definitions (waiting for "Setting.Details.Setting")
2026-08-09 17:24:38.857 T:11       info <general>: JSONRPC: Resolving incomplete types/methods referencing Setting.Details.Setting
2026-08-09 17:24:38.862 T:11       info <general>: JSONRPC v13.5.0: Successfully initialized
2026-08-09 17:24:38.862 T:11       info <general>: [Media Detection] starting service for optical media detection
2026-08-09 17:24:38.864 T:11       info <general>: Register - new keyboard device registered on application->keyboard: Keyboard (0000:0000)
2026-08-09 17:24:38.864 T:11       info <general>: Register - new mouse device registered on application->mouse: Mouse (0000:0000)
2026-08-09 17:24:38.865 T:11       info <general>: Loading player core factory settings from special://xbmc/system/playercorefactory.xml.
2026-08-09 17:24:38.865 T:11       info <general>: Loaded playercorefactory configuration
2026-08-09 17:24:38.865 T:11       info <general>: Loading player core factory settings from special://profile/playercorefactory.xml.
2026-08-09 17:24:38.865 T:11       info <general>: Loaded playercorefactory configuration
2026-08-09 17:24:38.865 T:11       info <general>: removing tempfiles
2026-08-09 17:24:38.870 T:11       info <general>: initialize done
2026-08-09 17:24:38.870 T:11       info <general>: Running the application...
2026-08-09 17:24:38.872 T:76       info <general>: ES: Starting UDP Event server on port 9777
2026-08-09 17:24:38.872 T:76       info <general>: UDP: Listening on port 9777 (ipv6 : false)
2026-08-09 17:24:38.873 T:76       info <general>: CZeroconfAvahi::clientCallback: avahi server not available. But may become later...
2026-08-09 17:24:38.940 T:11       info <general>: JSONRPC Server: Successfully initialized
2026-08-09 17:24:39.048 T:11       info <general>: GL: Maximum texture width: 8192
2026-08-09 17:24:39.120 T:11       info <general>: UpdateSizeVariables: Buffer size changed: 1920x1080 -> 3840x2160
2026-08-09 17:24:39.120 T:11       info <general>: UpdateSizeVariables: Buffer scale changed: 1 -> 2
2026-08-09 17:24:39.120 T:11       info <general>: ApplyBufferScale: Setting Wayland buffer scale to 2
2026-08-09 17:24:39.128 T:11       info <general>: GL: Maximum texture width: 8192
2026-08-09 17:24:39.223 T:32       info <general>: Loading special://xbmc/system/Lircmap.xml
2026-08-09 17:24:39.223 T:32       info <general>: * Adding remote mapping for device 'mceusb'
2026-08-09 17:24:39.224 T:32       info <general>: * Adding remote mapping for device 'XboxDVDDongle'
2026-08-09 17:24:39.224 T:32       info <general>: * Adding remote mapping for device 'Microsoft_Xbox'
2026-08-09 17:24:39.224 T:32       info <general>: * Adding remote mapping for device 'PinnacleSysPCTVRemote'
2026-08-09 17:24:39.224 T:32       info <general>: * Adding remote mapping for device 'anysee'
2026-08-09 17:24:39.224 T:32       info <general>: * Adding remote mapping for device 'iMON-PAD'
2026-08-09 17:24:39.224 T:32       info <general>: * Adding remote mapping for device 'Antec_Veris_RM200'
2026-08-09 17:24:39.224 T:32       info <general>: * Adding remote mapping for device 'MCE_via_iMON'
2026-08-09 17:24:39.224 T:32       info <general>: * Adding remote mapping for device 'TwinHanRemote'
2026-08-09 17:24:39.224 T:32       info <general>: * Adding remote mapping for device 'linux-input-layer'
2026-08-09 17:24:39.224 T:32       info <general>: * Linking remote mapping for 'linux-input-layer' to 'cx23885_remote'
2026-08-09 17:24:39.224 T:32       info <general>: * Adding remote mapping for device 'mediacenter'
2026-08-09 17:24:39.224 T:32       info <general>: * Adding remote mapping for device 'devinput'
2026-08-09 17:24:39.224 T:32       info <general>: * Adding remote mapping for device 'devinput-32'
2026-08-09 17:24:39.224 T:32       info <general>: * Adding remote mapping for device 'devinput-64'
2026-08-09 17:24:40.636 T:11       info <general>: Loading controller layout: /usr/share/kodi/addons/game.controller.mouse/resources/layout.xml
2026-08-09 17:24:41.973 T:73       info <general>: [service.upnext] UpNextMonitor -> Service started
2026-08-09 17:24:42.295 T:69      error <general>: EXCEPTION Thrown (PythonToCppException) : -->Python callback/script returned the following error<--
                                                    - NOTE: IGNORING THIS CAN LEAD TO MEMORY LEAKS!
                                                   Error Type: <class 'ImportError'>
                                                   Error Contents: cannot import name 'service_runner' from 'youtube_plugin.kodion' (unknown location)
                                                   Traceback (most recent call last):
                                                     File "/home/localhost/.kodi/addons/plugin.video.youtube/resources/lib/service.py", line 13, in <module>
                                                       from youtube_plugin.kodion import service_runner
                                                   ImportError: cannot import name 'service_runner' from 'youtube_plugin.kodion' (unknown location)
                                                   -->End of Python script error report<--
                                                   
2026-08-09 17:24:42.609 T:68      error <general>: EXCEPTION Thrown (PythonToCppException) : -->Python callback/script returned the following error<--
                                                    - NOTE: IGNORING THIS CAN LEAD TO MEMORY LEAKS!
                                                   Error Type: <class 'ImportError'>
                                                   Error Contents: cannot import name 'kodi' from 'twitch_addon.addon.common' (unknown location)
                                                   Traceback (most recent call last):
                                                     File "/home/localhost/.kodi/addons/plugin.video.twitch/resources/lib/service_runner.py", line 12, in <module>
                                                       from twitch_addon import service
                                                     File "/home/localhost/.kodi/addons/plugin.video.twitch/resources/lib/twitch_addon/service.py", line 20, in <module>
                                                       from .addon.common import kodi, log_utils
                                                   ImportError: cannot import name 'kodi' from 'twitch_addon.addon.common' (unknown location)
                                                   -->End of Python script error report<--
                                                   
2026-08-09 17:24:42.969 T:70      error <general>: /home/localhost/.kodi/addons/script.module.slyguy/resources/modules/slyguy/constants.py:22: SyntaxWarning: "\s" is an invalid escape sequence. Such sequences will not work in the future. Did you mean "\\s"? A raw string is also an option.
                                                     f.write("""My addon settings are stored in the script.module.slyguy\settings.db file
                                                   
2026-08-09 17:24:43.455 T:67       info <general>: [plugin.video.netflix (0)] The debug logging is set as DISABLED
2026-08-09 17:24:44.103 T:65       info <general>: [plugin.video.joyn - 2.5.41+matrix.1] Monitor started
2026-08-09 17:24:44.334 T:11       info <general>: Loading skin file: Home.xml, load type: KEEP_IN_MEMORY
2026-08-09 17:24:44.477 T:54      error <general>: CActiveAESink::OutputSamples - failed
2026-08-09 17:24:44.511 T:71       info <general>: [service.manifests] <service> starting...
2026-08-09 17:24:44.619 T:71       info <general>: [service.manifests] <service.httpd> started on: http://127.0.0.1:37167
2026-08-09 17:24:44.666 T:72       info <general>: [service.manifests.mpd] <service> starting...
2026-08-09 17:24:44.716 T:72       info <general>: [service.manifests.mpd] <service.httpd> started on: http://127.0.0.1:32789
2026-08-09 17:24:45.269 T:64       info <general>: [Amazon VOD] Service: Proxy bound to 127.0.0.1:43425
2026-08-09 17:24:45.326 T:64       info <general>: [Amazon VOD] Service: Proxy server started
2026-08-09 17:24:45.326 T:64       info <general>: [Amazon VOD] Service started
2026-08-09 17:24:47.040 T:11       info <general>: Loading skin file: Settings.xml, load type: KEEP_IN_MEMORY
2026-08-09 17:24:48.508 T:11       info <general>: Loading skin file: AddonBrowser.xml, load type: KEEP_IN_MEMORY
2026-08-09 17:24:51.620 T:70       info <general>: script.module.slyguy - Shared Service: Started
2026-08-09 17:24:51.620 T:70       info <general>: script.module.slyguy - Kodi Version: 21
2026-08-09 17:24:51.620 T:70       info <general>: script.module.slyguy - System: Linux, Arch: x86_64
2026-08-09 17:24:51.620 T:70       info <general>: script.module.slyguy - Python Version: 3.14.6 (main, Jun 10 2026, 18:54:31) [GCC 15.2.0]
2026-08-09 17:24:51.620 T:70       info <general>: script.module.slyguy - OpenSSL Version: OpenSSL 3.6.3 9 Jun 2026
2026-08-09 17:24:51.702 T:70       info <general>: script.module.slyguy - Proxy Started: http://127.0.0.1:8095/
2026-08-09 17:24:51.703 T:70       info <general>: script.module.slyguy - Visit donate.slyguy.uk to become a supporter and unlock perks!
2026-08-09 17:24:51.703 T:70       info <general>: script.module.slyguy - Widevine Level (fallback): 3
2026-08-09 17:24:51.703 T:70       info <general>: script.module.slyguy - HDCP Level (fallback): 0.0
2026-08-09 17:24:55.108 T:11       info <general>: Loading skin file: DialogAddonInfo.xml, load type: KEEP_IN_MEMORY
2026-08-09 17:24:55.952 T:66      error <general>: WARNING: Assuming --restrict-filenames since file system encoding cannot encode all characters. Set the LC_ALL environment variable to fix this.
                                                   
2026-08-09 17:24:55.960 T:75      error <general>: Skipped 1 duplicate messages..
2026-08-09 17:24:55.960 T:75       info <general>: [service.yt-dlp] <service> starting...
2026-08-09 17:24:55.960 T:75       info <general>: [service.yt-dlp] <service.videos> Include automatic captions: False
2026-08-09 17:24:55.960 T:75       info <general>: [service.yt-dlp] <service.videos> Exclude codecs: None
2026-08-09 17:24:55.961 T:75       info <general>: [service.yt-dlp] <service.videos> Limit framerate: No limit
2026-08-09 17:24:55.961 T:75       info <general>: [service.yt-dlp] <service.videos> Framerate hinting: Integer
2026-08-09 17:24:55.961 T:75       info <general>: [service.yt-dlp] <service.videos> Resolution: No preference
2026-08-09 17:24:55.962 T:66       info <general>: [plugin.video.mytube] <service> starting...
2026-08-09 17:24:55.966 T:66       info <general>: [plugin.video.mytube] <service.session> Timeout: (9.05, 10.0)
2026-08-09 17:24:55.966 T:66       info <general>: [plugin.video.mytube] <service.session> Accept cookies: False
2026-08-09 17:24:55.966 T:66       info <general>: [plugin.video.mytube] <service.session> Language: English (US)
2026-08-09 17:24:55.966 T:66       info <general>: [plugin.video.mytube] <service.session> Location: United States
2026-08-09 17:24:56.705 T:11       info <general>: Loading skin file: DialogConfirm.xml, load type: KEEP_IN_MEMORY
2026-08-09 17:24:58.491 T:11    warning <general>: CGUIWindowManager - HandleAction - ignoring action 107, because topmost modal dialog closing animation is running
2026-08-09 17:24:58.676 T:66    warning <general>: Skipped 152 duplicate messages..
2026-08-09 17:24:58.676 T:66       info <general>: [script.module.js_runtimes] 
2026-08-09 17:24:58.693 T:11       info <general>: Loading skin file: DialogConfirm.xml, load type: KEEP_IN_MEMORY
2026-08-09 17:25:05.561 T:11    warning <general>: CGUIWindowManager - HandleAction - ignoring action 107, because topmost modal dialog closing animation is running
2026-08-09 17:25:06.126 T:66    warning <general>: Skipped 5 duplicate messages..
2026-08-09 17:25:06.126 T:66       info <general>: [script.module.js_runtimes] 
2026-08-09 17:25:06.127 T:11       info <general>: Loading skin file: DialogConfirm.xml, load type: KEEP_IN_MEMORY
2026-08-09 17:25:07.596 T:11    warning <general>: CGUIWindowManager - HandleAction - ignoring action 107, because topmost modal dialog closing animation is running
2026-08-09 17:25:08.024 T:66    warning <general>: Skipped 165 duplicate messages..
2026-08-09 17:25:08.024 T:66       info <general>: [plugin.video.mytube] <service.session.ytdlp> JavaScript runtimes: Deno 2.9.5
2026-08-09 17:25:08.027 T:66       info <general>: [plugin.video.mytube] <service.session.ytdlp> Include automatic captions: False
2026-08-09 17:25:08.029 T:66       info <general>: [plugin.video.mytube] <service.session.ytdlp> Limit framerate: No limit
2026-08-09 17:25:08.032 T:66       info <general>: [plugin.video.mytube] <service.session.ytdlp> Framerate hinting: Integer
2026-08-09 17:25:08.034 T:66       info <general>: [plugin.video.mytube] <service.session.ytdlp> Exclude codecs: None
2026-08-09 17:25:08.036 T:66       info <general>: [plugin.video.mytube] <service.session.ytdlp> Resolution: No preference
2026-08-09 17:25:08.038 T:66       info <general>: [plugin.video.mytube] <service.session.ytdlp> Audio track: Original
2026-08-09 17:25:08.040 T:66       info <general>: [plugin.video.mytube] <service.search> Search history: True
2026-08-09 17:25:08.043 T:66       info <general>: [plugin.video.mytube] <service.search> Query type: All
2026-08-09 17:25:08.045 T:66       info <general>: [plugin.video.mytube] <service.search> Sort order: Relevance
2026-08-09 17:25:08.755 T:55       info <general>: CServiceAddonManager: failed to stop plugin.video.twitch (may have ended)
2026-08-09 17:25:09.705 T:11       info <general>: Loading controller layout: /usr/share/kodi/addons/game.controller.keyboard/resources/layout.xml
2026-08-09 17:25:09.843 T:11    warning <general>: CGUIWindowManager - HandleAction - ignoring action 107, because topmost modal dialog closing animation is running
2026-08-09 17:25:24.556 T:11    warning <general>: Skipped 131 duplicate messages..
2026-08-09 17:25:24.556 T:11    warning <general>: CGUIWindowManager - HandleAction - ignoring action 107, because topmost modal dialog closing animation is running
2026-08-09 17:25:25.128 T:11    warning <general>: Skipped 9 duplicate messages..
2026-08-09 17:25:25.128 T:11       info <general>: Loading skin file: SettingsCategory.xml, load type: KEEP_IN_MEMORY
2026-08-09 17:25:28.447 T:11    warning <general>: CGUIWindowManager - HandleAction - ignoring action 107, because topmost modal dialog closing animation is running
2026-08-09 17:25:34.154 T:11    warning <general>: Skipped 1 duplicate messages..
2026-08-09 17:25:34.154 T:11       info <general>: Loading skin file: FileBrowser.xml, load type: KEEP_IN_MEMORY
2026-08-09 17:25:38.430 T:11    warning <general>: CGUIWindowManager - HandleAction - ignoring action 107, because topmost modal dialog closing animation is running
2026-08-09 17:25:38.966 T:79    warning <general>: Skipped 132 duplicate messages..
2026-08-09 17:25:38.966 T:79    warning <general>: CAddonMgr::FindAddons: Addon 'game.controller.keyboard' already present with higher version 1.1.47 at '/usr/share/kodi/addons/game.controller.keyboard/' - other version 1.1.43 at '/home/localhost/.kodi/addons/game.controller.keyboard/' will be ignored
2026-08-09 17:25:38.968 T:79       info <general>: CAddonMgr::FindAddon: plugin.video.netflix v1.23.5+matrix.1 installed
2026-08-09 17:25:39.246 T:145      info <general>: [plugin.video.netflix (0)] The debug logging is set as DISABLED
2026-08-09 17:25:48.213 T:11       info <general>: Loading skin file: DialogSelect.xml, load type: KEEP_IN_MEMORY
2026-08-09 17:25:49.399 T:11    warning <general>: CGUIWindowManager - HandleAction - ignoring action 107, because topmost modal dialog closing animation is running
2026-08-09 17:25:49.871 T:79    warning <general>: Skipped 34 duplicate messages..
2026-08-09 17:25:49.871 T:79      error <general>: AddonVersion: 7c49a17c-omega is not a valid revision number
2026-08-09 17:25:49.871 T:79      error <general>: CAddonInfoBuilder::ParseXML: file 'https://repo.kodinerds.net/addons/omega/zip/net.kodinerds.maven.kodi21.arm64-v8a/net.kodinerds.maven.kodi21.arm64-v8a-202512280446.zip' doesn't contain a valid add-on type name (android.binary)
2026-08-09 17:25:49.871 T:79      error <general>: AddonVersion: 7c49a17c-omega is not a valid revision number
2026-08-09 17:25:49.871 T:79      error <general>: CAddonInfoBuilder::ParseXML: file 'https://repo.kodinerds.net/addons/omega/zip/net.kodinerds.maven.kodi21.armeabi-v7a/net.kodinerds.maven.kodi21.armeabi-v7a-202512280405.zip' doesn't contain a valid add-on type name (android.binary)
2026-08-09 17:25:49.871 T:79      error <general>: AddonVersion: dca3a6a1-omega is not a valid revision number
2026-08-09 17:25:49.871 T:79      error <general>: CAddonInfoBuilder::ParseXML: file 'https://repo.kodinerds.net/addons/omega/zip/net.kodinerds.maven.kodi21.firetv.armeabi-v7a/net.kodinerds.maven.kodi21.firetv.armeabi-v7a-202606030438.zip' doesn't contain a valid add-on type name (android.binary)
2026-08-09 17:25:49.871 T:79      error <general>: AddonVersion: 7c49a17c-omega is not a valid revision number
2026-08-09 17:25:49.871 T:79      error <general>: CAddonInfoBuilder::ParseXML: file 'https://repo.kodinerds.net/addons/omega/zip/net.kodinerds.maven.kodi21.x86_64/net.kodinerds.maven.kodi21.x86_64-202601011352.zip' doesn't contain a valid add-on type name (android.binary)
2026-08-09 17:25:49.886 T:79      error <general>: AddonVersion: e00e52ee-nexus is not a valid revision number
2026-08-09 17:25:49.886 T:79      error <general>: CAddonInfoBuilder::ParseXML: file 'https://repo.kodinerds.net/addons/nexus/zip/net.kodinerds.maven.kodi20.arm64-v8a/net.kodinerds.maven.kodi20.arm64-v8a-202403050234.zip' doesn't contain a valid add-on type name (android.binary)
2026-08-09 17:25:49.886 T:79      error <general>: AddonVersion: e00e52ee-nexus is not a valid revision number
2026-08-09 17:25:49.886 T:79      error <general>: CAddonInfoBuilder::ParseXML: file 'https://repo.kodinerds.net/addons/nexus/zip/net.kodinerds.maven.kodi20.armeabi-v7a/net.kodinerds.maven.kodi20.armeabi-v7a-202403050127.zip' doesn't contain a valid add-on type name (android.binary)
2026-08-09 17:25:49.886 T:79      error <general>: AddonVersion: 75336646-nexus is not a valid revision number
2026-08-09 17:25:49.886 T:79      error <general>: CAddonInfoBuilder::ParseXML: file 'https://repo.kodinerds.net/addons/nexus/zip/net.kodinerds.maven.kodi20.firetv.armeabi-v7a/net.kodinerds.maven.kodi20.firetv.armeabi-v7a-202403042222.zip' doesn't contain a valid add-on type name (android.binary)
2026-08-09 17:25:49.886 T:79      error <general>: AddonVersion: a31f25fd-nexus is not a valid revision number
2026-08-09 17:25:49.886 T:79      error <general>: CAddonInfoBuilder::ParseXML: file 'https://repo.kodinerds.net/addons/nexus/zip/net.kodinerds.maven.kodi20.x86_64/net.kodinerds.maven.kodi20.x86_64-202202121153.zip' doesn't contain a valid add-on type name (android.binary)
2026-08-09 17:25:49.934 T:79      error <general>: AddonVersion: ac5a2c14-matrix is not a valid revision number
2026-08-09 17:25:49.934 T:79      error <general>: CAddonInfoBuilder::ParseXML: file 'https://repo.kodinerds.net/addons/matrix/zip/net.kodinerds.maven.kodi.arm64-v8a/net.kodinerds.maven.kodi.arm64-v8a-202305130048.zip' doesn't contain a valid add-on type name (android.binary)
2026-08-09 17:25:49.934 T:79      error <general>: AddonVersion: ac5a2c14-matrix is not a valid revision number
2026-08-09 17:25:49.934 T:79      error <general>: CAddonInfoBuilder::ParseXML: file 'https://repo.kodinerds.net/addons/matrix/zip/net.kodinerds.maven.kodi.armeabi-v7a/net.kodinerds.maven.kodi.armeabi-v7a-202305130005.zip' doesn't contain a valid add-on type name (android.binary)
2026-08-09 17:25:49.934 T:79      error <general>: AddonVersion: 7ddaf1ba-matrix is not a valid revision number
2026-08-09 17:25:49.934 T:79      error <general>: CAddonInfoBuilder::ParseXML: file 'https://repo.kodinerds.net/addons/matrix/zip/net.kodinerds.maven.kodi.firetv.armeabi-v7a/net.kodinerds.maven.kodi.firetv.armeabi-v7a-202305122217.zip' doesn't contain a valid add-on type name (android.binary)
2026-08-09 17:25:53.657 T:55    warning <general>: CAddonMgr::FindAddons: Addon 'game.controller.keyboard' already present with higher version 1.1.47 at '/usr/share/kodi/addons/game.controller.keyboard/' - other version 1.1.43 at '/home/localhost/.kodi/addons/game.controller.keyboard/' will be ignored
2026-08-09 17:25:53.657 T:55       info <general>: CAddonMgr::FindAddon: metadata.album.universal v3.1.20 installed
2026-08-09 17:25:54.316 T:55    warning <general>: CAddonMgr::FindAddons: Addon 'game.controller.keyboard' already present with higher version 1.1.47 at '/usr/share/kodi/addons/game.controller.keyboard/' - other version 1.1.43 at '/home/localhost/.kodi/addons/game.controller.keyboard/' will be ignored
2026-08-09 17:25:54.316 T:55       info <general>: CAddonMgr::FindAddon: metadata.artists.universal v4.3.23 installed
2026-08-09 17:26:05.233 T:55    warning <general>: CAddonMgr::FindAddons: Addon 'game.controller.keyboard' already present with higher version 1.1.47 at '/usr/share/kodi/addons/game.controller.keyboard/' - other version 1.1.43 at '/home/localhost/.kodi/addons/game.controller.keyboard/' will be ignored
2026-08-09 17:26:05.234 T:55       info <general>: CAddonMgr::FindAddon: metadata.themoviedb.org.python v3.2.1 installed
2026-08-09 17:26:06.972 T:55    warning <general>: CAddonMgr::FindAddons: Addon 'game.controller.keyboard' already present with higher version 1.1.47 at '/usr/share/kodi/addons/game.controller.keyboard/' - other version 1.1.43 at '/home/localhost/.kodi/addons/game.controller.keyboard/' will be ignored
2026-08-09 17:26:06.972 T:55       info <general>: CAddonMgr::FindAddon: metadata.tvshows.themoviedb.org.python v1.7.9 installed
2026-08-09 17:26:07.346 T:64       info <general>: [Amazon VOD] Service stopped
2026-08-09 17:26:07.506 T:64       info <general>: [Amazon VOD] Service: Proxy server stopped
2026-08-09 17:26:07.627 T:55    warning <general>: CAddonMgr::FindAddons: Addon 'game.controller.keyboard' already present with higher version 1.1.47 at '/usr/share/kodi/addons/game.controller.keyboard/' - other version 1.1.43 at '/home/localhost/.kodi/addons/game.controller.keyboard/' will be ignored
2026-08-09 17:26:07.628 T:55       info <general>: CAddonMgr::FindAddon: plugin.video.amazon-test v1.2.3+matrix.1 installed
2026-08-09 17:26:08.181 T:204      info <general>: [Amazon VOD] Service: Proxy bound to 127.0.0.1:59713
2026-08-09 17:26:08.181 T:204      info <general>: [Amazon VOD] Service: Proxy server started
2026-08-09 17:26:08.181 T:204      info <general>: [Amazon VOD] Service started
2026-08-09 17:26:08.314 T:55    warning <general>: CAddonMgr::FindAddons: Addon 'game.controller.keyboard' already present with higher version 1.1.47 at '/usr/share/kodi/addons/game.controller.keyboard/' - other version 1.1.43 at '/home/localhost/.kodi/addons/game.controller.keyboard/' will be ignored
2026-08-09 17:26:08.314 T:55       info <general>: CAddonMgr::FindAddon: plugin.video.ardundzdf v5.5.2+nexus installed
2026-08-09 17:26:08.392 T:11    warning <general>: CGUIMediaWindow::OnMessage - updating in progress
2026-08-09 17:26:08.721 T:55    warning <general>: CAddonMgr::FindAddons: Addon 'game.controller.keyboard' already present with higher version 1.1.47 at '/usr/share/kodi/addons/game.controller.keyboard/' - other version 1.1.43 at '/home/localhost/.kodi/addons/game.controller.keyboard/' will be ignored
2026-08-09 17:26:08.722 T:55       info <general>: CAddonMgr::FindAddon: plugin.video.artetv.de v2.0.2+matrix.1 installed
2026-08-09 17:26:08.950 T:80      error <general>: CCurlFile::Open - <https://raw.githubusercontent.com/lekma/repository.lekma/master/nexus/plugin.video.mytube/resources/media/icon.png> Failed with code 404:
                                                   
2026-08-09 17:26:09.001 T:65       info <general>: [plugin.video.joyn - 2.5.41+matrix.1] Monitor stopped
2026-08-09 17:26:09.113 T:55    warning <general>: CAddonMgr::FindAddons: Addon 'game.controller.keyboard' already present with higher version 1.1.47 at '/usr/share/kodi/addons/game.controller.keyboard/' - other version 1.1.43 at '/home/localhost/.kodi/addons/game.controller.keyboard/' will be ignored
2026-08-09 17:26:09.113 T:55       info <general>: CAddonMgr::FindAddon: plugin.video.joyn v2.5.47+matrix.1 installed
2026-08-09 17:26:09.329 T:80      error <general>: CCurlFile::Open - <https://raw.githubusercontent.com/lekma/repository.lekma/master/nexus/plugin.video.mytube/resources/media/icon.png> Failed with code 404:
                                                   
2026-08-09 17:26:09.570 T:224      info <general>: [plugin.video.joyn - 2.5.47+matrix.1] Monitor started
2026-08-09 17:26:11.274 T:55       info <general>: CServiceAddonManager: failed to stop plugin.video.youtube (may have ended)
2026-08-09 17:26:11.452 T:55    warning <general>: CAddonMgr::FindAddons: Addon 'game.controller.keyboard' already present with higher version 1.1.47 at '/usr/share/kodi/addons/game.controller.keyboard/' - other version 1.1.43 at '/home/localhost/.kodi/addons/game.controller.keyboard/' will be ignored
2026-08-09 17:26:11.453 T:55       info <general>: CAddonMgr::FindAddon: plugin.video.youtube v7.4.4 installed
2026-08-09 17:26:11.713 T:79      error <general>: CCurlFile::Open - <https://raw.githubusercontent.com/lekma/repository.lekma/master/nexus/plugin.video.mytube/resources/media/icon.png> Failed with code 404:
                                                   
2026-08-09 17:26:11.823 T:55    warning <general>: CAddonMgr::FindAddons: Addon 'game.controller.keyboard' already present with higher version 1.1.47 at '/usr/share/kodi/addons/game.controller.keyboard/' - other version 1.1.43 at '/home/localhost/.kodi/addons/game.controller.keyboard/' will be ignored
2026-08-09 17:26:11.824 T:55       info <general>: CAddonMgr::FindAddon: script.module.packaging v26.3 installed
2026-08-09 17:26:12.036 T:80      error <general>: CCurlFile::Open - <https://raw.githubusercontent.com/lekma/repository.lekma/master/nexus/plugin.video.mytube/resources/media/icon.png> Failed with code 404:
                                                   
2026-08-09 17:26:12.723 T:233   warning <general>: [plugin.video.youtube] xbmc_context_ui:203(refresh_container) - Plugin container not found for 'FileNameAndPath'
2026-08-09 17:26:12.723 T:233   warning <general>: [plugin.video.youtube] xbmc_context_ui:203(refresh_container) - Plugin container not found for 'IsUpdating'
2026-08-09 17:26:12.723 T:233   warning <general>: [plugin.video.youtube] xbmc_context_ui:203(refresh_container) - Plugin container not found for 'NumAllItems'
2026-08-09 17:26:12.723 T:233   warning <general>: [plugin.video.youtube] xbmc_context_ui:203(refresh_container) - Plugin container not found for 'HasFolders'
2026-08-09 17:26:12.723 T:233   warning <general>: [plugin.video.youtube] xbmc_context_ui:203(refresh_container) - Plugin container not found for 'HasFiles'
2026-08-09 17:26:12.723 T:233   warning <general>: [plugin.video.youtube] xbmc_context_ui:203(refresh_container) - Plugin container not found for 'HasParent'
2026-08-09 17:26:12.723 T:233   warning <general>: [plugin.video.youtube] xbmc_context_ui:203(refresh_container) - Plugin container not found for 'FolderPath'
2026-08-09 17:26:12.724 T:233      info <general>: [plugin.video.youtube] service_runner:55(run)
                                                   Starting v7.4.4
                                                   Kodi:    v21.3 (Kodi Omega)
                                                   Python:  v3.14.6
2026-08-09 17:26:12.857 T:70       info <general>: script.module.slyguy - Shared Service: Stopped
2026-08-09 17:26:13.004 T:55    warning <general>: CAddonMgr::FindAddons: Addon 'game.controller.keyboard' already present with higher version 1.1.47 at '/usr/share/kodi/addons/game.controller.keyboard/' - other version 1.1.43 at '/home/localhost/.kodi/addons/game.controller.keyboard/' will be ignored
2026-08-09 17:26:13.004 T:55       info <general>: CAddonMgr::FindAddon: script.module.slyguy v0.86.93 installed
2026-08-09 17:26:13.202 T:80      error <general>: CCurlFile::Open - <https://raw.githubusercontent.com/lekma/repository.lekma/master/nexus/plugin.video.mytube/resources/media/icon.png> Failed with code 404:
                                                   
2026-08-09 17:26:13.322 T:255     error <general>: /home/localhost/.kodi/addons/script.module.slyguy/resources/modules/slyguy/constants.py:22: SyntaxWarning: "\s" is an invalid escape sequence. Such sequences will not work in the future. Did you mean "\\s"? A raw string is also an option.
                                                     f.write("""My addon settings are stored in the script.module.slyguy\settings.db file
                                                   
2026-08-09 17:26:14.147 T:55    warning <general>: CAddonMgr::FindAddons: Addon 'game.controller.keyboard' already present with higher version 1.1.47 at '/usr/share/kodi/addons/game.controller.keyboard/' - other version 1.1.43 at '/home/localhost/.kodi/addons/game.controller.keyboard/' will be ignored
2026-08-09 17:26:14.148 T:55       info <general>: CAddonMgr::FindAddon: script.module.yt-dlp v2026.07.04-1 installed
2026-08-09 17:26:14.340 T:80      error <general>: CCurlFile::Open - <https://raw.githubusercontent.com/lekma/repository.lekma/master/nexus/plugin.video.mytube/resources/media/icon.png> Failed with code 404:
                                                   
2026-08-09 17:26:14.387 T:255      info <general>: script.module.slyguy - Shared Service: Started
2026-08-09 17:26:14.387 T:255      info <general>: script.module.slyguy - Kodi Version: 21
2026-08-09 17:26:14.387 T:255      info <general>: script.module.slyguy - System: Linux, Arch: x86_64
2026-08-09 17:26:14.387 T:255      info <general>: script.module.slyguy - Python Version: 3.14.6 (main, Jun 10 2026, 18:54:31) [GCC 15.2.0]
2026-08-09 17:26:14.387 T:255      info <general>: script.module.slyguy - OpenSSL Version: OpenSSL 3.6.3 9 Jun 2026
2026-08-09 17:26:14.425 T:255      info <general>: script.module.slyguy - Proxy Started: http://127.0.0.1:8095/
2026-08-09 17:26:14.426 T:255      info <general>: script.module.slyguy - Visit donate.slyguy.uk to become a supporter and unlock perks!
2026-08-09 17:26:14.426 T:255      info <general>: script.module.slyguy - Widevine Level (fallback): 3
2026-08-09 17:26:14.426 T:255      info <general>: script.module.slyguy - HDCP Level (fallback): 0.0
2026-08-09 17:26:14.738 T:55    warning <general>: CAddonMgr::FindAddons: Addon 'game.controller.keyboard' already present with higher version 1.1.47 at '/usr/share/kodi/addons/game.controller.keyboard/' - other version 1.1.43 at '/home/localhost/.kodi/addons/game.controller.keyboard/' will be ignored
2026-08-09 17:26:14.739 T:55       info <general>: CAddonMgr::FindAddon: slyguy.disney.plus v0.20.33 installed
2026-08-09 17:26:14.955 T:79      error <general>: CCurlFile::Open - <https://raw.githubusercontent.com/lekma/repository.lekma/master/nexus/plugin.video.mytube/resources/media/icon.png> Failed with code 404:
                                                   
2026-08-09 17:26:15.108 T:55    warning <general>: CAddonMgr::FindAddons: Addon 'game.controller.keyboard' already present with higher version 1.1.47 at '/usr/share/kodi/addons/game.controller.keyboard/' - other version 1.1.43 at '/home/localhost/.kodi/addons/game.controller.keyboard/' will be ignored
2026-08-09 17:26:15.109 T:55       info <general>: CAddonMgr::FindAddon: script.module.js_runtimes v2.0.24 installed
2026-08-09 17:26:15.290 T:79      error <general>: CCurlFile::Open - <https://raw.githubusercontent.com/lekma/repository.lekma/master/nexus/plugin.video.mytube/resources/media/icon.png> Failed with code 404:
                                                   
2026-08-09 17:26:15.409 T:66       info <general>: [plugin.video.mytube] <service.feed> stopped
2026-08-09 17:26:15.409 T:66       info <general>: [plugin.video.mytube] <service.search> stopped
2026-08-09 17:26:15.409 T:66       info <general>: [plugin.video.mytube] <service.browse> stopped
2026-08-09 17:26:15.409 T:66       info <general>: [plugin.video.mytube] <service.session.ytdlp> stopped
2026-08-09 17:26:15.410 T:66       info <general>: [plugin.video.mytube] <service.session> stopped
2026-08-09 17:26:15.410 T:66       info <general>: [plugin.video.mytube] <service> stopped
2026-08-09 17:26:15.628 T:55    warning <general>: CAddonMgr::FindAddons: Addon 'game.controller.keyboard' already present with higher version 1.1.47 at '/usr/share/kodi/addons/game.controller.keyboard/' - other version 1.1.43 at '/home/localhost/.kodi/addons/game.controller.keyboard/' will be ignored
2026-08-09 17:26:15.629 T:55       info <general>: CAddonMgr::FindAddon: plugin.video.mytube v4.0.30 installed
2026-08-09 17:26:19.501 T:286     error <general>: WARNING: Assuming --restrict-filenames since file system encoding cannot encode all characters. Set the LC_ALL environment variable to fix this.
                                                   
2026-08-09 17:26:19.517 T:286      info <general>: [plugin.video.mytube] <service> starting...
2026-08-09 17:26:19.520 T:286      info <general>: [plugin.video.mytube] <service.session> Timeout: (9.05, 10.0)
2026-08-09 17:26:19.520 T:286      info <general>: [plugin.video.mytube] <service.session> Accept cookies: False
2026-08-09 17:26:19.520 T:286      info <general>: [plugin.video.mytube] <service.session> Language: English (US)
2026-08-09 17:26:19.520 T:286      info <general>: [plugin.video.mytube] <service.session> Location: United States
2026-08-09 17:26:19.818 T:286      info <general>: [plugin.video.mytube] <service.session.ytdlp> JavaScript runtimes: Deno 2.9.5
2026-08-09 17:26:19.819 T:286      info <general>: [plugin.video.mytube] <service.session.ytdlp> Include automatic captions: False
2026-08-09 17:26:19.819 T:286      info <general>: [plugin.video.mytube] <service.session.ytdlp> Limit framerate: No limit
2026-08-09 17:26:19.820 T:286      info <general>: [plugin.video.mytube] <service.session.ytdlp> Framerate hinting: Integer
2026-08-09 17:26:19.821 T:286      info <general>: [plugin.video.mytube] <service.session.ytdlp> Exclude codecs: None
2026-08-09 17:26:19.821 T:286      info <general>: [plugin.video.mytube] <service.session.ytdlp> Resolution: No preference
2026-08-09 17:26:19.822 T:286      info <general>: [plugin.video.mytube] <service.session.ytdlp> Audio track: Original
2026-08-09 17:26:19.822 T:286      info <general>: [plugin.video.mytube] <service.search> Search history: True
2026-08-09 17:26:19.823 T:286      info <general>: [plugin.video.mytube] <service.search> Query type: All
2026-08-09 17:26:19.824 T:286      info <general>: [plugin.video.mytube] <service.search> Sort order: Relevance
2026-08-09 17:26:26.625 T:11       info <general>: Loading skin file: DialogButtonMenu.xml, load type: KEEP_IN_MEMORY
2026-08-09 17:26:27.735 T:11       info <general>: Stopping the application...
2026-08-09 17:26:27.735 T:11       info <general>: Stopping player
2026-08-09 17:26:27.735 T:11       info <general>: Storing total System Uptime
2026-08-09 17:26:27.735 T:11       info <general>: Saving settings
2026-08-09 17:26:27.743 T:11       info <general>: Saving skin settings
2026-08-09 17:26:27.744 T:11       info <general>: Stopping all
2026-08-09 17:26:27.744 T:11       info <general>: ES: Stopping event server
2026-08-09 17:26:27.980 T:76       info <general>: ES: UDP Event server stopped
2026-08-09 17:26:28.041 T:11       info <general>: CServiceAddonManager: failed to stop inputstream.ffmpegdirect (may have ended)
2026-08-09 17:26:28.042 T:204      info <general>: [Amazon VOD] Service stopped
2026-08-09 17:26:28.310 T:204      info <general>: [Amazon VOD] Service: Proxy server stopped
2026-08-09 17:26:28.349 T:224      info <general>: [plugin.video.joyn - 2.5.47+matrix.1] Monitor stopped
2026-08-09 17:26:28.363 T:286      info <general>: [plugin.video.mytube] <service.feed> stopped
2026-08-09 17:26:28.363 T:286      info <general>: [plugin.video.mytube] <service.search> stopped
2026-08-09 17:26:28.363 T:286      info <general>: [plugin.video.mytube] <service.browse> stopped
2026-08-09 17:26:28.363 T:286      info <general>: [plugin.video.mytube] <service.session.ytdlp> stopped
2026-08-09 17:26:28.363 T:286      info <general>: [plugin.video.mytube] <service.session> stopped
2026-08-09 17:26:28.363 T:286      info <general>: [plugin.video.mytube] <service> stopped
2026-08-09 17:26:29.136 T:255      info <general>: script.module.slyguy - Shared Service: Stopped
2026-08-09 17:26:29.446 T:71       info <general>: [service.manifests] <service.httpd> stopped
2026-08-09 17:26:29.446 T:71       info <general>: [service.manifests] <service> stopped
2026-08-09 17:26:29.461 T:72       info <general>: [service.manifests.mpd] <service.httpd> stopped
2026-08-09 17:26:29.461 T:72       info <general>: [service.manifests.mpd] <service> stopped
2026-08-09 17:26:29.479 T:73       info <general>: [service.upnext] UpNextMonitor -> Service stopped
2026-08-09 17:26:29.481 T:73      error <general>: EXCEPTION: No valid addon id could be obtained. None was passed and the script wasn't executed in a normal Kodi manner.
2026-08-09 17:26:29.485 T:11       info <general>: CServiceAddonManager: failed to stop service.xbmc.versioncheck (may have ended)
2026-08-09 17:26:29.485 T:75       info <general>: [service.yt-dlp] <service.videos> stopped
2026-08-09 17:26:29.485 T:75       info <general>: [service.yt-dlp] <service> stopped
2026-08-09 17:26:29.643 T:11       info <general>: Application stopped
2026-08-09 17:26:30.388 T:11       info <general>: unload skin
2026-08-09 17:26:30.436 T:11       info <general>: Unloaded skin
2026-08-09 17:26:30.438 T:11       info <general>: unload sections
2026-08-09 17:26:30.444 T:11       info <general>: CWSDiscoveryListenerUDP::Stop - Stopped
2026-08-09 17:26:30.496 T:11       info <general>: Exiting the application...
